// Jest Snapshot v1, https://goo.gl/fbAQLP

exports[`VideoBackground open 1`] = `
.c0 {
  box-sizing: border-box;
  height: 100%;
  width: 100%;
}

.c1 {
  display: grid;
  -webkit-font-smoothing: antialiased;
}

.c2 {
  position: relative;
}

.c3 > video {
  position: absolute;
  top: 0;
  left: 0;
  width: 100%;
  height: 100%;
  z-index: -100;
  object-fit: cover;
  -webkit-filter: opacity(70%);
  filter: opacity(70%);
}

<div
  class="c0 c1 c2"
>
  <div
    class="c3"
  >
    
        
    <video
      autoplay=""
      loop=""
      muted=""
      playsinline=""
    >
      
          
      <source
        src="https://upload.wikimedia.org/wikipedia/commons/6/60/Wikipedia_logo_puzzle_globe_spins_horizontally_and_vertically%2C_revealing_the_contents_of_all_of_its_puzzle_pieces_%284K_resolution%29_%28VP9%29.webm"
        type="video/mp4"
      />
      
        
    </video>
    

  </div>
</div>
`;
