// Jest Snapshot v1, https://goo.gl/fbAQLP

exports[`Button renders 1`] = `
.c1 {
  margin: 0;
  -webkit-font-smoothing: antialiased;
  font-weight: 500;
  color: #FFFFFF;
  font-family: "Roboto","Helvetica","Arial",sans-serif;
  -webkit-letter-spacing: 0.02857em;
  -moz-letter-spacing: 0.02857em;
  -ms-letter-spacing: 0.02857em;
  letter-spacing: 0.02857em;
  line-height: 1.75;
  font-size: 0.875rem;
  text-transform: uppercase;
}

.c0 {
  border-radius: 0.25em;
  border-style: solid;
  border-width: 0px;
  width: 100px;
}

<button
  class="c0"
  width="100px"
>
  <span
    class="c1"
    color="#FFFFFF"
    letter-spacing="0.02857em"
    transform="uppercase"
  >
    Test text
  </span>
</button>
`;
