// Jest Snapshot v1, https://goo.gl/fbAQLP

exports[`Header mounts 1`] = `
<div
  className="sc-bZQynM sc-gzVnrw dJpxMi"
  height="125px"
/>
`;
