// Jest Snapshot v1, https://goo.gl/fbAQLP

exports[`Layout mounts 1`] = `
<div
  className="sc-bdVaJa eTFvtk"
  orientation="horizontal"
/>
`;
