// Jest Snapshot v1, https://goo.gl/fbAQLP

exports[`Drawer closed 1`] = `null`;

exports[`Drawer open 1`] = `
<div
  class="MuiDrawer-root MuiDrawer-modal"
  role="presentation"
  style="position: fixed; z-index: 1300; right: 0px; bottom: 0px; top: 0px; left: 0px;"
>
  <div
    aria-hidden="true"
    class="MuiBackdrop-root"
    style="opacity: 1; webkit-transition: opacity 225ms cubic-bezier(0.4, 0, 0.2, 1) 0ms; transition: opacity 225ms cubic-bezier(0.4, 0, 0.2, 1) 0ms;"
  />
  <div
    data-test="sentinelStart"
    tabindex="0"
  />
  <div
    class="MuiPaper-root MuiDrawer-paper MuiDrawer-paperAnchorLeft MuiPaper-elevation16"
    tabindex="-1"
  />
  <div
    data-test="sentinelEnd"
    tabindex="0"
  />
</div>
`;
