// Jest Snapshot v1, https://goo.gl/fbAQLP

exports[`Bar mounts 1`] = `
<div
  className="sc-bdVaJa gKjoUk"
  height="300px"
/>
`;
